2025-10-24T05:49:51-04:00 - Request method: GET; Content-Type: N/A
2025-10-24T05:49:51-04:00 - Raw body length: 0
2025-10-24T05:50:59-04:00 - Request method: GET; Content-Type: N/A
2025-10-24T05:50:59-04:00 - Raw body length: 0
2025-10-24T05:54:30-04:00 - Incoming request method: GET; URI: /api/submeter-rascunho.php; Content-Type: N/A
2025-10-24T05:54:30-04:00 - GET received - serving debug HTML
2025-10-24T05:54:46-04:00 - Incoming request method: POST; URI: /api/submeter-rascunho.php; Content-Type: application/json
2025-10-24T05:54:46-04:00 - Raw body length: 36
2025-10-24T05:54:46-04:00 - JSON decoded from raw body
2025-10-24T05:54:46-04:00 - Falha ao criar diretoria: /home/usuario/public_html/dados-arvore/pendentes/
2025-10-24T06:16:08-04:00 - Incoming request method: GET; URI: /api/submeter-rascunho.php; Content-Type: N/A
2025-10-24T06:16:08-04:00 - GET received - serving debug HTML
2025-10-24T06:16:11-04:00 - Incoming request method: POST; URI: /api/submeter-rascunho.php; Content-Type: application/json
2025-10-24T06:16:11-04:00 - Raw body length: 36
2025-10-24T06:16:11-04:00 - JSON decoded from raw body
2025-10-24T06:16:11-04:00 - Saved file: /home/vol18_2/epizy.com/epiz_34085186/familiatao.ct.ws/htdocs/dados-arvore/pendentes/rascunho_1761300971_da10f46d.json
2025-10-24T06:18:10-04:00 - Incoming request method: POST; URI: /api/submeter-rascunho.php; Content-Type: application/json
2025-10-24T06:18:10-04:00 - Raw body length: 36
2025-10-24T06:18:10-04:00 - JSON decoded from raw body
2025-10-24T06:18:10-04:00 - Saved file: /home/vol18_2/epizy.com/epiz_34085186/familiatao.ct.ws/htdocs/dados-arvore/pendentes/rascunho_1761301090_5d85f0d3.json
2025-10-24T06:18:56-04:00 - Incoming request method: POST; URI: /api/submeter-rascunho.php; Content-Type: application/json
2025-10-24T06:18:56-04:00 - Raw body length: 37
2025-10-24T06:18:56-04:00 - JSON decoded from raw body
2025-10-24T06:18:56-04:00 - Saved file: /home/vol18_2/epizy.com/epiz_34085186/familiatao.ct.ws/htdocs/dados-arvore/pendentes/rascunho_1761301136_aab95218.json
2025-10-24T12:32:01+01:00 - Incoming request method: POST; URI: /api/submeter-rascunho.php; Content-Type: application/json
2025-10-24T12:32:01+01:00 - Raw body length: 204
2025-10-24T12:32:01+01:00 - JSON decoded from raw body
2025-10-24T12:32:01+01:00 - Saved file: /home/vol18_2/epizy.com/epiz_34085186/familiatao.ct.ws/htdocs/dados-arvore/pendentes/rascunho_1761305521_7f800de0.json
2025-10-24T12:33:01+01:00 - Incoming request method: POST; URI: /api/submeter-rascunho.php; Content-Type: application/json
2025-10-24T12:33:01+01:00 - Raw body length: 169
2025-10-24T12:33:01+01:00 - JSON decoded from raw body
2025-10-24T12:33:01+01:00 - Saved file: /home/vol18_2/epizy.com/epiz_34085186/familiatao.ct.ws/htdocs/dados-arvore/pendentes/rascunho_1761305581_83562421.json
2025-10-24T12:39:48+01:00 - Incoming request method: POST; URI: /api/submeter-rascunho.php; Content-Type: application/json
2025-10-24T12:39:48+01:00 - Raw body length: 169
2025-10-24T12:39:48+01:00 - JSON decoded from raw body
2025-10-24T12:39:48+01:00 - Saved file: /home/vol18_2/epizy.com/epiz_34085186/familiatao.ct.ws/htdocs/dados-arvore/pendentes/rascunho_1761305988_2702ffe7.json
2025-10-24T13:19:09+01:00 - Incoming request method: POST; URI: /api/submeter-rascunho.php; Content-Type: application/json
2025-10-24T13:19:09+01:00 - Raw body length: 333
2025-10-24T13:19:09+01:00 - JSON decoded from raw body
2025-10-24T13:19:09+01:00 - Saved file: /home/vol18_2/epizy.com/epiz_34085186/familiatao.ct.ws/htdocs/dados-arvore/pendentes/rascunho_1761308349_a4781611.json
2025-10-24T13:19:16+01:00 - Incoming request method: POST; URI: /api/submeter-rascunho.php; Content-Type: application/json
2025-10-24T13:19:16+01:00 - Raw body length: 333
2025-10-24T13:19:16+01:00 - JSON decoded from raw body
2025-10-24T13:19:16+01:00 - Saved file: /home/vol18_2/epizy.com/epiz_34085186/familiatao.ct.ws/htdocs/dados-arvore/pendentes/rascunho_1761308356_e392fe90.json
